Archive member included to satisfy reference by file (symbol)

c:/intelfpga_lite/18.1/nios2eds/bin/gnu/h-x86_64-mingw32/bin/../lib/gcc/nios2-elf/5.3.0\libgcc.a(lib2-divmod.o)
                              obj/default/hello_world_small.o (__divsi3)
../tarea1_bsp/\libhal_bsp.a(alt_load.o)
                              ../tarea1_bsp//obj/HAL/src/crt0.o (alt_load)
../tarea1_bsp/\libhal_bsp.a(alt_main.o)
                              ../tarea1_bsp//obj/HAL/src/crt0.o (alt_main)
../tarea1_bsp/\libhal_bsp.a(alt_usleep.o)
                              obj/default/hello_world_small.o (usleep)
../tarea1_bsp/\libhal_bsp.a(alt_sys_init.o)
                              ../tarea1_bsp/\libhal_bsp.a(alt_main.o) (alt_irq_init)
../tarea1_bsp/\libhal_bsp.a(alt_busy_sleep.o)
                              ../tarea1_bsp/\libhal_bsp.a(alt_usleep.o) (alt_busy_sleep)
../tarea1_bsp/\libhal_bsp.a(alt_dcache_flush_all.o)
                              ../tarea1_bsp/\libhal_bsp.a(alt_load.o) (alt_dcache_flush_all)
../tarea1_bsp/\libhal_bsp.a(alt_icache_flush_all.o)
                              ../tarea1_bsp/\libhal_bsp.a(alt_load.o) (alt_icache_flush_all)
../tarea1_bsp/\libhal_bsp.a(altera_nios2_gen2_irq.o)
                              ../tarea1_bsp/\libhal_bsp.a(alt_sys_init.o) (altera_nios2_gen2_irq_init)
../tarea1_bsp/\libhal_bsp.a(alt_icache_flush.o)
                              ../tarea1_bsp/\libhal_bsp.a(alt_icache_flush_all.o) (alt_icache_flush)

Memory Configuration

Name             Origin             Length             Attributes
reset            0x0000000000001000 0x0000000000000020
onchip_memory2_0 0x0000000000001020 0x0000000000000fe0
*default*        0x0000000000000000 0xffffffffffffffff

Linker script and memory map

LOAD ../tarea1_bsp//obj/HAL/src/crt0.o
LOAD obj/default/hello_world_small.o
LOAD c:/intelfpga_lite/18.1/nios2eds/bin/gnu/h-x86_64-mingw32/bin/../lib/gcc/nios2-elf/5.3.0/../../../../../H-x86_64-mingw32/nios2-elf/lib\libstdc++.a
LOAD c:/intelfpga_lite/18.1/nios2eds/bin/gnu/h-x86_64-mingw32/bin/../lib/gcc/nios2-elf/5.3.0/../../../../../H-x86_64-mingw32/nios2-elf/lib\libm.a
LOAD c:/intelfpga_lite/18.1/nios2eds/bin/gnu/h-x86_64-mingw32/bin/../lib/gcc/nios2-elf/5.3.0\libgcc.a
START GROUP
LOAD c:/intelfpga_lite/18.1/nios2eds/bin/gnu/h-x86_64-mingw32/bin/../lib/gcc/nios2-elf/5.3.0/../../../../../H-x86_64-mingw32/nios2-elf/lib\libsmallc.a
LOAD c:/intelfpga_lite/18.1/nios2eds/bin/gnu/h-x86_64-mingw32/bin/../lib/gcc/nios2-elf/5.3.0\libgcc.a
LOAD ../tarea1_bsp/\libhal_bsp.a
LOAD c:/intelfpga_lite/18.1/nios2eds/bin/gnu/h-x86_64-mingw32/bin/../lib/gcc/nios2-elf/5.3.0/../../../../../H-x86_64-mingw32/nios2-elf/lib\libm.a
END GROUP
LOAD c:/intelfpga_lite/18.1/nios2eds/bin/gnu/h-x86_64-mingw32/bin/../lib/gcc/nios2-elf/5.3.0\libgcc.a
                0x0000000000001000                __alt_mem_onchip_memory2_0 = 0x1000

.entry          0x0000000000001000       0x20
 *(.entry)
 .entry         0x0000000000001000       0x20 ../tarea1_bsp//obj/HAL/src/crt0.o
                0x0000000000001000                __reset
                0x000000000000101c                _exit

.exceptions     0x0000000000001020        0x0
                0x0000000000001020                PROVIDE (__ram_exceptions_start, ABSOLUTE (.))
                0x0000000000001020                . = ALIGN (0x20)
 *(.irq)
 *(.exceptions.entry.label)
 *(.exceptions.entry.user)
 *(.exceptions.entry.ecc_fatal)
 *(.exceptions.entry)
 *(.exceptions.irqtest.user)
 *(.exceptions.irqtest)
 *(.exceptions.irqhandler.user)
 *(.exceptions.irqhandler)
 *(.exceptions.irqreturn.user)
 *(.exceptions.irqreturn)
 *(.exceptions.notirq.label)
 *(.exceptions.notirq.user)
 *(.exceptions.notirq)
 *(.exceptions.soft.user)
 *(.exceptions.soft)
 *(.exceptions.unknown.user)
 *(.exceptions.unknown)
 *(.exceptions.exit.label)
 *(.exceptions.exit.user)
 *(.exceptions.exit)
 *(.exceptions)
                0x0000000000001020                PROVIDE (__ram_exceptions_end, ABSOLUTE (.))
                0x0000000000001020                PROVIDE (__flash_exceptions_start, LOADADDR (.exceptions))

.text           0x0000000000001020      0x6cc
                [!provide]                        PROVIDE (stext, ABSOLUTE (.))
 *(.interp)
 *(.hash)
 *(.dynsym)
 *(.dynstr)
 *(.gnu.version)
 *(.gnu.version_d)
 *(.gnu.version_r)
 *(.rel.init)
 *(.rela.init)
 *(.rel.text .rel.text.* .rel.gnu.linkonce.t.*)
 *(.rela.text .rela.text.* .rela.gnu.linkonce.t.*)
 *(.rel.fini)
 *(.rela.fini)
 *(.rel.rodata .rel.rodata.* .rel.gnu.linkonce.r.*)
 *(.rela.rodata .rela.rodata.* .rela.gnu.linkonce.r.*)
 *(.rel.data .rel.data.* .rel.gnu.linkonce.d.*)
 *(.rela.data .rela.data.* .rela.gnu.linkonce.d.*)
 *(.rel.tdata .rel.tdata.* .rel.gnu.linkonce.td.*)
 *(.rela.tdata .rela.tdata.* .rela.gnu.linkonce.td.*)
 *(.rel.tbss .rel.tbss.* .rel.gnu.linkonce.tb.*)
 *(.rela.tbss .rela.tbss.* .rela.gnu.linkonce.tb.*)
 *(.rel.ctors)
 *(.rela.ctors)
 *(.rel.dtors)
 *(.rela.dtors)
 *(.rel.got)
 *(.rela.got)
 *(.rel.sdata .rel.sdata.* .rel.gnu.linkonce.s.*)
 *(.rela.sdata .rela.sdata.* .rela.gnu.linkonce.s.*)
 *(.rel.sbss .rel.sbss.* .rel.gnu.linkonce.sb.*)
 *(.rela.sbss .rela.sbss.* .rela.gnu.linkonce.sb.*)
 *(.rel.sdata2 .rel.sdata2.* .rel.gnu.linkonce.s2.*)
 *(.rela.sdata2 .rela.sdata2.* .rela.gnu.linkonce.s2.*)
 *(.rel.sbss2 .rel.sbss2.* .rel.gnu.linkonce.sb2.*)
 *(.rela.sbss2 .rela.sbss2.* .rela.gnu.linkonce.sb2.*)
 *(.rel.bss .rel.bss.* .rel.gnu.linkonce.b.*)
 *(.rela.bss .rela.bss.* .rela.gnu.linkonce.b.*)
 *(.rel.plt)
 *(.rela.plt)
 *(.rel.dyn)
 *(.init)
 *(.plt)
 *(.text .stub .text.* .gnu.linkonce.t.*)
 .text          0x0000000000001020       0x4c ../tarea1_bsp//obj/HAL/src/crt0.o
                0x0000000000001020                _start
 .text          0x000000000000106c      0x198 obj/default/hello_world_small.o
                0x000000000000106c                numero_a_display
                0x0000000000001090                actualizar_display
                0x00000000000011ac                manejar_interrupcion_timer
 .text.startup  0x0000000000001204      0x124 obj/default/hello_world_small.o
                0x0000000000001204                main
 .text          0x0000000000001328      0x1b4 c:/intelfpga_lite/18.1/nios2eds/bin/gnu/h-x86_64-mingw32/bin/../lib/gcc/nios2-elf/5.3.0\libgcc.a(lib2-divmod.o)
                0x0000000000001328                __divsi3
                0x00000000000013ac                __modsi3
                0x0000000000001420                __udivsi3
                0x0000000000001484                __umodsi3
 .text          0x00000000000014dc       0xe0 ../tarea1_bsp/\libhal_bsp.a(alt_load.o)
                0x00000000000014dc                alt_load
 .text          0x00000000000015bc       0x2c ../tarea1_bsp/\libhal_bsp.a(alt_main.o)
                0x00000000000015bc                alt_main
 .text          0x00000000000015e8        0x4 ../tarea1_bsp/\libhal_bsp.a(alt_usleep.o)
                0x00000000000015e8                usleep
 .text          0x00000000000015ec       0x24 ../tarea1_bsp/\libhal_bsp.a(alt_sys_init.o)
                0x00000000000015ec                alt_irq_init
                0x000000000000160c                alt_sys_init
 .text          0x0000000000001610       0x78 ../tarea1_bsp/\libhal_bsp.a(alt_busy_sleep.o)
                0x0000000000001610                alt_busy_sleep
 .text          0x0000000000001688       0x18 ../tarea1_bsp/\libhal_bsp.a(alt_dcache_flush_all.o)
                0x0000000000001688                alt_dcache_flush_all
 .text          0x00000000000016a0        0xc ../tarea1_bsp/\libhal_bsp.a(alt_icache_flush_all.o)
                0x00000000000016a0                alt_icache_flush_all
 .text          0x00000000000016ac        0x8 ../tarea1_bsp/\libhal_bsp.a(altera_nios2_gen2_irq.o)
                0x00000000000016ac                altera_nios2_gen2_irq_init
 .text          0x00000000000016b4       0x38 ../tarea1_bsp/\libhal_bsp.a(alt_icache_flush.o)
                0x00000000000016b4                alt_icache_flush
 *(.gnu.warning.*)
 *(.fini)
                [!provide]                        PROVIDE (__etext, ABSOLUTE (.))
                [!provide]                        PROVIDE (_etext, ABSOLUTE (.))
                [!provide]                        PROVIDE (etext, ABSOLUTE (.))
 *(.eh_frame_hdr)
                0x00000000000016ec                . = ALIGN (0x4)
                [!provide]                        PROVIDE (__preinit_array_start, ABSOLUTE (.))
 *(.preinit_array)
                [!provide]                        PROVIDE (__preinit_array_end, ABSOLUTE (.))
                [!provide]                        PROVIDE (__init_array_start, ABSOLUTE (.))
 *(.init_array)
                [!provide]                        PROVIDE (__init_array_end, ABSOLUTE (.))
                [!provide]                        PROVIDE (__fini_array_start, ABSOLUTE (.))
 *(.fini_array)
                [!provide]                        PROVIDE (__fini_array_end, ABSOLUTE (.))
 *(.eh_frame)
 *(.gcc_except_table .gcc_except_table.*)
 *(.dynamic)
                [!provide]                        PROVIDE (__CTOR_LIST__, ABSOLUTE (.))
 *(.ctors)
 *(SORT(.ctors.*))
                [!provide]                        PROVIDE (__CTOR_END__, ABSOLUTE (.))
                [!provide]                        PROVIDE (__DTOR_LIST__, ABSOLUTE (.))
 *(.dtors)
 *(SORT(.dtors.*))
                [!provide]                        PROVIDE (__DTOR_END__, ABSOLUTE (.))
 *(.jcr)
                0x00000000000016ec                . = ALIGN (0x4)

.rodata         0x00000000000016ec        0xc
                0x00000000000016ec                PROVIDE (__ram_rodata_start, ABSOLUTE (.))
                0x00000000000016ec                . = ALIGN (0x4)
 *(.rodata .rodata.* .gnu.linkonce.r.*)
 .rodata        0x00000000000016ec        0xa obj/default/hello_world_small.o
 *(.rodata1)
                0x00000000000016f8                . = ALIGN (0x4)
 *fill*         0x00000000000016f6        0x2 
                0x00000000000016f8                PROVIDE (__ram_rodata_end, ABSOLUTE (.))
                0x00000000000016ec                PROVIDE (__flash_rodata_start, LOADADDR (.rodata))

.rwdata         0x00000000000016f8        0x4 load address 0x00000000000016fc
                0x00000000000016f8                PROVIDE (__ram_rwdata_start, ABSOLUTE (.))
                0x00000000000016f8                . = ALIGN (0x4)
 *(.got.plt)
 *(.got)
 *(.data1)
 *(.data .data.* .gnu.linkonce.d.*)
 .data          0x00000000000016f8        0x0 ../tarea1_bsp//obj/HAL/src/crt0.o
 .data          0x00000000000016f8        0x0 obj/default/hello_world_small.o
 .data          0x00000000000016f8        0x0 c:/intelfpga_lite/18.1/nios2eds/bin/gnu/h-x86_64-mingw32/bin/../lib/gcc/nios2-elf/5.3.0\libgcc.a(lib2-divmod.o)
 .data          0x00000000000016f8        0x0 ../tarea1_bsp/\libhal_bsp.a(alt_load.o)
 .data          0x00000000000016f8        0x0 ../tarea1_bsp/\libhal_bsp.a(alt_main.o)
 .data          0x00000000000016f8        0x0 ../tarea1_bsp/\libhal_bsp.a(alt_usleep.o)
 .data          0x00000000000016f8        0x0 ../tarea1_bsp/\libhal_bsp.a(alt_sys_init.o)
 .data          0x00000000000016f8        0x0 ../tarea1_bsp/\libhal_bsp.a(alt_busy_sleep.o)
 .data          0x00000000000016f8        0x0 ../tarea1_bsp/\libhal_bsp.a(alt_dcache_flush_all.o)
 .data          0x00000000000016f8        0x0 ../tarea1_bsp/\libhal_bsp.a(alt_icache_flush_all.o)
 .data          0x00000000000016f8        0x0 ../tarea1_bsp/\libhal_bsp.a(altera_nios2_gen2_irq.o)
 .data          0x00000000000016f8        0x0 ../tarea1_bsp/\libhal_bsp.a(alt_icache_flush.o)
                0x00000000000096f8                _gp = ABSOLUTE ((. + 0x8000))
                [!provide]                        PROVIDE (gp, _gp)
 *(.rwdata .rwdata.*)
 *(.sdata .sdata.* .gnu.linkonce.s.*)
 .sdata         0x00000000000016f8        0x4 ../tarea1_bsp/\libhal_bsp.a(alt_sys_init.o)
                0x00000000000016f8                jtag_uart_0
 *(.sdata2 .sdata2.* .gnu.linkonce.s2.*)
                0x00000000000016fc                . = ALIGN (0x4)
                0x00000000000016fc                _edata = ABSOLUTE (.)
                [!provide]                        PROVIDE (edata, ABSOLUTE (.))
                0x00000000000016fc                PROVIDE (__ram_rwdata_end, ABSOLUTE (.))
                0x00000000000016fc                PROVIDE (__flash_rwdata_start, LOADADDR (.rwdata))

.bss            0x0000000000001700       0x24
                0x0000000000001700                __bss_start = ABSOLUTE (.)
                [!provide]                        PROVIDE (__sbss_start, ABSOLUTE (.))
                [!provide]                        PROVIDE (___sbss_start, ABSOLUTE (.))
 *(.dynsbss)
 *(.sbss .sbss.* .gnu.linkonce.sb.*)
 .sbss          0x0000000000001700       0x18 obj/default/hello_world_small.o
                0x0000000000001700                modo_configuracion
                0x0000000000001704                alarma_activada
                0x0000000000001708                minuto_alarma
                0x000000000000170c                hora_alarma
                0x0000000000001710                minuto_actual
                0x0000000000001714                hora_actual
 .sbss          0x0000000000001718        0xc ../tarea1_bsp/\libhal_bsp.a(alt_main.o)
                0x0000000000001718                alt_envp
                0x000000000000171c                alt_argv
                0x0000000000001720                alt_argc
 *(.sbss2 .sbss2.* .gnu.linkonce.sb2.*)
 *(.scommon)
                [!provide]                        PROVIDE (__sbss_end, ABSOLUTE (.))
                [!provide]                        PROVIDE (___sbss_end, ABSOLUTE (.))
 *(.dynbss)
 *(.bss .bss.* .gnu.linkonce.b.*)
 .bss           0x0000000000001724        0x0 ../tarea1_bsp//obj/HAL/src/crt0.o
 .bss           0x0000000000001724        0x0 obj/default/hello_world_small.o
 .bss           0x0000000000001724        0x0 c:/intelfpga_lite/18.1/nios2eds/bin/gnu/h-x86_64-mingw32/bin/../lib/gcc/nios2-elf/5.3.0\libgcc.a(lib2-divmod.o)
 .bss           0x0000000000001724        0x0 ../tarea1_bsp/\libhal_bsp.a(alt_load.o)
 .bss           0x0000000000001724        0x0 ../tarea1_bsp/\libhal_bsp.a(alt_main.o)
 .bss           0x0000000000001724        0x0 ../tarea1_bsp/\libhal_bsp.a(alt_usleep.o)
 .bss           0x0000000000001724        0x0 ../tarea1_bsp/\libhal_bsp.a(alt_sys_init.o)
 .bss           0x0000000000001724        0x0 ../tarea1_bsp/\libhal_bsp.a(alt_busy_sleep.o)
 .bss           0x0000000000001724        0x0 ../tarea1_bsp/\libhal_bsp.a(alt_dcache_flush_all.o)
 .bss           0x0000000000001724        0x0 ../tarea1_bsp/\libhal_bsp.a(alt_icache_flush_all.o)
 .bss           0x0000000000001724        0x0 ../tarea1_bsp/\libhal_bsp.a(altera_nios2_gen2_irq.o)
 .bss           0x0000000000001724        0x0 ../tarea1_bsp/\libhal_bsp.a(alt_icache_flush.o)
 *(COMMON)
                0x0000000000001724                . = ALIGN (0x4)
                0x0000000000001724                __bss_end = ABSOLUTE (.)

.onchip_memory2_0
                0x0000000000001724        0x0
                [!provide]                        PROVIDE (_alt_partition_onchip_memory2_0_start, ABSOLUTE (.))
 *(.onchip_memory2_0 .onchip_memory2_0. onchip_memory2_0.*)
                0x0000000000001724                . = ALIGN (0x4)
                [!provide]                        PROVIDE (_alt_partition_onchip_memory2_0_end, ABSOLUTE (.))
                0x0000000000001724                _end = ABSOLUTE (.)
                0x0000000000001724                end = ABSOLUTE (.)
                0x0000000000001724                __alt_stack_base = ABSOLUTE (.)
                [!provide]                        PROVIDE (_alt_partition_onchip_memory2_0_load_addr, LOADADDR (.onchip_memory2_0))

.stab
 *(.stab)

.stabstr
 *(.stabstr)

.stab.excl
 *(.stab.excl)

.stab.exclstr
 *(.stab.exclstr)

.stab.index
 *(.stab.index)

.stab.indexstr
 *(.stab.indexstr)

.comment        0x0000000000000000       0x23
 *(.comment)
 .comment       0x0000000000000000       0x23 obj/default/hello_world_small.o
                                         0x24 (size before relaxing)
 .comment       0x0000000000000023       0x24 c:/intelfpga_lite/18.1/nios2eds/bin/gnu/h-x86_64-mingw32/bin/../lib/gcc/nios2-elf/5.3.0\libgcc.a(lib2-divmod.o)
 .comment       0x0000000000000023       0x24 ../tarea1_bsp/\libhal_bsp.a(alt_load.o)
 .comment       0x0000000000000023       0x24 ../tarea1_bsp/\libhal_bsp.a(alt_main.o)
 .comment       0x0000000000000023       0x24 ../tarea1_bsp/\libhal_bsp.a(alt_usleep.o)
 .comment       0x0000000000000023       0x24 ../tarea1_bsp/\libhal_bsp.a(alt_sys_init.o)
 .comment       0x0000000000000023       0x24 ../tarea1_bsp/\libhal_bsp.a(alt_busy_sleep.o)
 .comment       0x0000000000000023       0x24 ../tarea1_bsp/\libhal_bsp.a(alt_dcache_flush_all.o)
 .comment       0x0000000000000023       0x24 ../tarea1_bsp/\libhal_bsp.a(alt_icache_flush_all.o)
 .comment       0x0000000000000023       0x24 ../tarea1_bsp/\libhal_bsp.a(altera_nios2_gen2_irq.o)
 .comment       0x0000000000000023       0x24 ../tarea1_bsp/\libhal_bsp.a(alt_icache_flush.o)

.debug
 *(.debug)

.line
 *(.line)

.debug_srcinfo
 *(.debug_srcinfo)

.debug_sfnames
 *(.debug_sfnames)

.debug_aranges  0x0000000000000000      0x190
 *(.debug_aranges)
 .debug_aranges
                0x0000000000000000       0x28 ../tarea1_bsp//obj/HAL/src/crt0.o
 .debug_aranges
                0x0000000000000028       0x28 obj/default/hello_world_small.o
 .debug_aranges
                0x0000000000000050       0x20 c:/intelfpga_lite/18.1/nios2eds/bin/gnu/h-x86_64-mingw32/bin/../lib/gcc/nios2-elf/5.3.0\libgcc.a(lib2-divmod.o)
 .debug_aranges
                0x0000000000000070       0x20 ../tarea1_bsp/\libhal_bsp.a(alt_load.o)
 .debug_aranges
                0x0000000000000090       0x20 ../tarea1_bsp/\libhal_bsp.a(alt_main.o)
 .debug_aranges
                0x00000000000000b0       0x20 ../tarea1_bsp/\libhal_bsp.a(alt_usleep.o)
 .debug_aranges
                0x00000000000000d0       0x20 ../tarea1_bsp/\libhal_bsp.a(alt_sys_init.o)
 .debug_aranges
                0x00000000000000f0       0x20 ../tarea1_bsp/\libhal_bsp.a(alt_busy_sleep.o)
 .debug_aranges
                0x0000000000000110       0x20 ../tarea1_bsp/\libhal_bsp.a(alt_dcache_flush_all.o)
 .debug_aranges
                0x0000000000000130       0x20 ../tarea1_bsp/\libhal_bsp.a(alt_icache_flush_all.o)
 .debug_aranges
                0x0000000000000150       0x20 ../tarea1_bsp/\libhal_bsp.a(altera_nios2_gen2_irq.o)
 .debug_aranges
                0x0000000000000170       0x20 ../tarea1_bsp/\libhal_bsp.a(alt_icache_flush.o)

.debug_pubnames
 *(.debug_pubnames)

.debug_info     0x0000000000000000      0xee9
 *(.debug_info .gnu.linkonce.wi.*)
 .debug_info    0x0000000000000000       0xba ../tarea1_bsp//obj/HAL/src/crt0.o
 .debug_info    0x00000000000000ba      0x223 obj/default/hello_world_small.o
 .debug_info    0x00000000000002dd      0x2c6 c:/intelfpga_lite/18.1/nios2eds/bin/gnu/h-x86_64-mingw32/bin/../lib/gcc/nios2-elf/5.3.0\libgcc.a(lib2-divmod.o)
 .debug_info    0x00000000000005a3      0x1c9 ../tarea1_bsp/\libhal_bsp.a(alt_load.o)
 .debug_info    0x000000000000076c      0x169 ../tarea1_bsp/\libhal_bsp.a(alt_main.o)
 .debug_info    0x00000000000008d5       0xd1 ../tarea1_bsp/\libhal_bsp.a(alt_usleep.o)
 .debug_info    0x00000000000009a6      0x19d ../tarea1_bsp/\libhal_bsp.a(alt_sys_init.o)
 .debug_info    0x0000000000000b43       0xd8 ../tarea1_bsp/\libhal_bsp.a(alt_busy_sleep.o)
 .debug_info    0x0000000000000c1b       0xa6 ../tarea1_bsp/\libhal_bsp.a(alt_dcache_flush_all.o)
 .debug_info    0x0000000000000cc1       0xb8 ../tarea1_bsp/\libhal_bsp.a(alt_icache_flush_all.o)
 .debug_info    0x0000000000000d79       0x92 ../tarea1_bsp/\libhal_bsp.a(altera_nios2_gen2_irq.o)
 .debug_info    0x0000000000000e0b       0xde ../tarea1_bsp/\libhal_bsp.a(alt_icache_flush.o)

.debug_abbrev   0x0000000000000000      0x7f0
 *(.debug_abbrev)
 .debug_abbrev  0x0000000000000000       0x12 ../tarea1_bsp//obj/HAL/src/crt0.o
 .debug_abbrev  0x0000000000000012      0x13c obj/default/hello_world_small.o
 .debug_abbrev  0x000000000000014e      0x10e c:/intelfpga_lite/18.1/nios2eds/bin/gnu/h-x86_64-mingw32/bin/../lib/gcc/nios2-elf/5.3.0\libgcc.a(lib2-divmod.o)
 .debug_abbrev  0x000000000000025c       0xd8 ../tarea1_bsp/\libhal_bsp.a(alt_load.o)
 .debug_abbrev  0x0000000000000334       0xee ../tarea1_bsp/\libhal_bsp.a(alt_main.o)
 .debug_abbrev  0x0000000000000422       0x8d ../tarea1_bsp/\libhal_bsp.a(alt_usleep.o)
 .debug_abbrev  0x00000000000004af      0x10e ../tarea1_bsp/\libhal_bsp.a(alt_sys_init.o)
 .debug_abbrev  0x00000000000005bd       0x8d ../tarea1_bsp/\libhal_bsp.a(alt_busy_sleep.o)
 .debug_abbrev  0x000000000000064a       0x5a ../tarea1_bsp/\libhal_bsp.a(alt_dcache_flush_all.o)
 .debug_abbrev  0x00000000000006a4       0x6f ../tarea1_bsp/\libhal_bsp.a(alt_icache_flush_all.o)
 .debug_abbrev  0x0000000000000713       0x42 ../tarea1_bsp/\libhal_bsp.a(altera_nios2_gen2_irq.o)
 .debug_abbrev  0x0000000000000755       0x9b ../tarea1_bsp/\libhal_bsp.a(alt_icache_flush.o)

.debug_line     0x0000000000000000      0x83b
 *(.debug_line)
 .debug_line    0x0000000000000000       0x72 ../tarea1_bsp//obj/HAL/src/crt0.o
 .debug_line    0x0000000000000072      0x135 obj/default/hello_world_small.o
 .debug_line    0x00000000000001a7      0x102 c:/intelfpga_lite/18.1/nios2eds/bin/gnu/h-x86_64-mingw32/bin/../lib/gcc/nios2-elf/5.3.0\libgcc.a(lib2-divmod.o)
 .debug_line    0x00000000000002a9       0xa4 ../tarea1_bsp/\libhal_bsp.a(alt_load.o)
 .debug_line    0x000000000000034d       0xbd ../tarea1_bsp/\libhal_bsp.a(alt_main.o)
 .debug_line    0x000000000000040a       0xcf ../tarea1_bsp/\libhal_bsp.a(alt_usleep.o)
 .debug_line    0x00000000000004d9      0x11a ../tarea1_bsp/\libhal_bsp.a(alt_sys_init.o)
 .debug_line    0x00000000000005f3       0xb3 ../tarea1_bsp/\libhal_bsp.a(alt_busy_sleep.o)
 .debug_line    0x00000000000006a6       0x5a ../tarea1_bsp/\libhal_bsp.a(alt_dcache_flush_all.o)
 .debug_line    0x0000000000000700       0x6e ../tarea1_bsp/\libhal_bsp.a(alt_icache_flush_all.o)
 .debug_line    0x000000000000076e       0x50 ../tarea1_bsp/\libhal_bsp.a(altera_nios2_gen2_irq.o)
 .debug_line    0x00000000000007be       0x7d ../tarea1_bsp/\libhal_bsp.a(alt_icache_flush.o)

.debug_frame    0x0000000000000000      0x234
 *(.debug_frame)
 .debug_frame   0x0000000000000000       0x7c obj/default/hello_world_small.o
 .debug_frame   0x000000000000007c       0x50 c:/intelfpga_lite/18.1/nios2eds/bin/gnu/h-x86_64-mingw32/bin/../lib/gcc/nios2-elf/5.3.0\libgcc.a(lib2-divmod.o)
 .debug_frame   0x00000000000000cc       0x30 ../tarea1_bsp/\libhal_bsp.a(alt_load.o)
 .debug_frame   0x00000000000000fc       0x2c ../tarea1_bsp/\libhal_bsp.a(alt_main.o)
 .debug_frame   0x0000000000000128       0x20 ../tarea1_bsp/\libhal_bsp.a(alt_usleep.o)
 .debug_frame   0x0000000000000148       0x3c ../tarea1_bsp/\libhal_bsp.a(alt_sys_init.o)
 .debug_frame   0x0000000000000184       0x30 ../tarea1_bsp/\libhal_bsp.a(alt_busy_sleep.o)
 .debug_frame   0x00000000000001b4       0x20 ../tarea1_bsp/\libhal_bsp.a(alt_dcache_flush_all.o)
 .debug_frame   0x00000000000001d4       0x20 ../tarea1_bsp/\libhal_bsp.a(alt_icache_flush_all.o)
 .debug_frame   0x00000000000001f4       0x20 ../tarea1_bsp/\libhal_bsp.a(altera_nios2_gen2_irq.o)
 .debug_frame   0x0000000000000214       0x20 ../tarea1_bsp/\libhal_bsp.a(alt_icache_flush.o)

.debug_str      0x0000000000000000      0x7ab
 *(.debug_str)
 .debug_str     0x0000000000000000      0x23d obj/default/hello_world_small.o
                                        0x27b (size before relaxing)
 .debug_str     0x000000000000023d      0x16d c:/intelfpga_lite/18.1/nios2eds/bin/gnu/h-x86_64-mingw32/bin/../lib/gcc/nios2-elf/5.3.0\libgcc.a(lib2-divmod.o)
                                        0x1b8 (size before relaxing)
 .debug_str     0x00000000000003aa      0x1a1 ../tarea1_bsp/\libhal_bsp.a(alt_load.o)
                                        0x285 (size before relaxing)
 .debug_str     0x000000000000054b       0x8f ../tarea1_bsp/\libhal_bsp.a(alt_main.o)
                                        0x1fe (size before relaxing)
 .debug_str     0x00000000000005da       0x2f ../tarea1_bsp/\libhal_bsp.a(alt_usleep.o)
                                        0x1a0 (size before relaxing)
 .debug_str     0x0000000000000609       0xe5 ../tarea1_bsp/\libhal_bsp.a(alt_sys_init.o)
                                        0x2a7 (size before relaxing)
 .debug_str     0x00000000000006ee       0x33 ../tarea1_bsp/\libhal_bsp.a(alt_busy_sleep.o)
                                        0x1b4 (size before relaxing)
 .debug_str     0x0000000000000721       0x1f ../tarea1_bsp/\libhal_bsp.a(alt_dcache_flush_all.o)
                                        0x19e (size before relaxing)
 .debug_str     0x0000000000000740       0x30 ../tarea1_bsp/\libhal_bsp.a(alt_icache_flush_all.o)
                                        0x1af (size before relaxing)
 .debug_str     0x0000000000000770       0x20 ../tarea1_bsp/\libhal_bsp.a(altera_nios2_gen2_irq.o)
                                        0x1a5 (size before relaxing)
 .debug_str     0x0000000000000790       0x1b ../tarea1_bsp/\libhal_bsp.a(alt_icache_flush.o)
                                        0x1a4 (size before relaxing)

.debug_loc      0x0000000000000000      0x751
 *(.debug_loc)
 .debug_loc     0x0000000000000000      0x15b obj/default/hello_world_small.o
 .debug_loc     0x000000000000015b      0x4ce c:/intelfpga_lite/18.1/nios2eds/bin/gnu/h-x86_64-mingw32/bin/../lib/gcc/nios2-elf/5.3.0\libgcc.a(lib2-divmod.o)
 .debug_loc     0x0000000000000629       0x21 ../tarea1_bsp/\libhal_bsp.a(alt_usleep.o)
 .debug_loc     0x000000000000064a       0x21 ../tarea1_bsp/\libhal_bsp.a(alt_sys_init.o)
 .debug_loc     0x000000000000066b       0x75 ../tarea1_bsp/\libhal_bsp.a(alt_busy_sleep.o)
 .debug_loc     0x00000000000006e0       0x1f ../tarea1_bsp/\libhal_bsp.a(alt_dcache_flush_all.o)
 .debug_loc     0x00000000000006ff       0x52 ../tarea1_bsp/\libhal_bsp.a(alt_icache_flush.o)

.debug_macinfo
 *(.debug_macinfo)

.debug_weaknames
 *(.debug_weaknames)

.debug_funcnames
 *(.debug_funcnames)

.debug_typenames
 *(.debug_typenames)

.debug_varnames
 *(.debug_varnames)

.debug_alt_sim_info
                0x0000000000000000       0x60
 *(.debug_alt_sim_info)
 .debug_alt_sim_info
                0x0000000000000000       0x30 ../tarea1_bsp//obj/HAL/src/crt0.o
 .debug_alt_sim_info
                0x0000000000000030       0x30 ../tarea1_bsp/\libhal_bsp.a(alt_busy_sleep.o)
                0x0000000000002000                __alt_data_end = 0x2000
                0x0000000000002000                PROVIDE (__alt_stack_pointer, __alt_data_end)
                [!provide]                        PROVIDE (__alt_stack_limit, __alt_stack_base)
                [!provide]                        PROVIDE (__alt_heap_start, end)
                [!provide]                        PROVIDE (__alt_heap_limit, 0x2000)
OUTPUT(tarea1.elf elf32-littlenios2)

.debug_ranges   0x0000000000000000       0xf0
 .debug_ranges  0x0000000000000000       0x20 ../tarea1_bsp//obj/HAL/src/crt0.o
 .debug_ranges  0x0000000000000020       0x18 obj/default/hello_world_small.o
 .debug_ranges  0x0000000000000038       0x60 c:/intelfpga_lite/18.1/nios2eds/bin/gnu/h-x86_64-mingw32/bin/../lib/gcc/nios2-elf/5.3.0\libgcc.a(lib2-divmod.o)
 .debug_ranges  0x0000000000000098       0x48 ../tarea1_bsp/\libhal_bsp.a(alt_load.o)
 .debug_ranges  0x00000000000000e0       0x10 ../tarea1_bsp/\libhal_bsp.a(alt_icache_flush.o)
